// SPDX-License-Identifier: Apache-2.0
#pragma once
#include <Lightweight/DataMapper/DataMapper.hpp>
#include <Lightweight/SqlConnection.hpp>
#include <Lightweight/SqlDataBinder.hpp>
#include <Lightweight/SqlQuery.hpp>
#include <Lightweight/SqlQueryFormatter.hpp>
#include <Lightweight/SqlScopedTraceLogger.hpp>
#include <Lightweight/SqlStatement.hpp>
#include <Lightweight/SqlTransaction.hpp>

struct TaskList;
struct TaskListEntry;
struct User;

struct User final
{
    Field<int, PrimaryKey::AutoIncrement> id;
    Field<std::string> fullname;
    Field<std::string> email;
};

struct TaskList final
{
    Field<int, PrimaryKey::AutoIncrement> id;
    BelongsTo<&User::id> user;
};

struct TaskListEntry final
{
    Field<int, PrimaryKey::AutoIncrement> id;
    Field<std::optional<SqlDateTime>> completed;
    Field<std::string> task;
    BelongsTo<&TaskList::id> taskList;
};
